
> Configure project :
Fabric Loom: 1.14.0-alpha.31

> Task :compileJava FAILED

[Incubating] Problems report is available at: file:///C:/Users/goofy/IdeaProjects/ServerScan/build/reports/problems/problems-report.html
1 actionable task: 1 executed
